[digitonaut.com/art/waaave/index.html]
[digitonaut.com/art/warp/index.html]
[backblue.gif]
[fade.gif]
[index.html]
[digitonaut.com/art/warp_speed/index.html]
[digitonaut.com/art/water_slide/index.html]
[digitonaut.com/art/we_are_robots/index.html]
[digitonaut.com/art/waving_grid_tunnel/index.html]
[digitonaut.com/art/waaave/style.css]
[digitonaut.com/art/web_grid/index.html]
[digitonaut.com/art/weels_structures/index.html]
[digitonaut.com/art/weird_canyon/index.html]
[digitonaut.com/art/wet_beach_sand/index.html]
[digitonaut.com/art/wet_gasoline/index.html]
[digitonaut.com/art/winter_forest/index.html]
[digitonaut.com/art/winding_menger_tunnel/index.html]
[digitonaut.com/art/wire_eggs/index.html]
[digitonaut.com/art/wired_gates/index.html]
[digitonaut.com/art/waaave/3_1_1_jquery.min.js]
[digitonaut.com/art/world_of_turbulence/index.html]
[digitonaut.com/art/wormhole/index.html]
[digitonaut.com/art/wormhole_dots/index.html]
[digitonaut.com/art/waaave/index.html]
[digitonaut.com/art/warp/index.html]
[digitonaut.com/art/waaave/script.js]
[digitonaut.com/art/warp_speed/index.html]
[digitonaut.com/art/warp_speed/shader-web-background.min.js]
[digitonaut.com/art/waaave/pixi.min.js]
[digitonaut.com/art/water_slide/perlin.js]
[digitonaut.com/art/water_slide/index.html]
[digitonaut.com/art/water_slide/script.js]
[digitonaut.com/art/waving_grid_tunnel/index.html]
[digitonaut.com/art/waving_grid_tunnel/main.js]
[digitonaut.com/art/water_slide/three.min.js]
[digitonaut.com/art/we_are_robots/index.html]
[digitonaut.com/art/we_are_robots/script.js]
[digitonaut.com/art/web_grid/index.html]
[digitonaut.com/art/web_grid/main.js]
[digitonaut.com/art/waving_grid_tunnel/three.min.js]
[digitonaut.com/art/weels_structures/main.js]
[digitonaut.com/art/weels_structures/index.html]
[digitonaut.com/art/weird_canyon/shader-web-background.min.js]
[digitonaut.com/art/weird_canyon/index.html]
[digitonaut.com/art/web_grid/three.min.js]
[digitonaut.com/art/wet_beach_sand/main.js]
[digitonaut.com/art/wet_beach_sand/index.html]
[digitonaut.com/art/weels_structures/three.min.js]
[digitonaut.com/art/wet_gasoline/main.js]
[digitonaut.com/art/wet_gasoline/index.html]
[digitonaut.com/art/wet_beach_sand/three.min.js]
[digitonaut.com/art/winding_menger_tunnel/shader-web-background.min.js]
[digitonaut.com/art/we_are_robots/p5.min.js]
[digitonaut.com/art/winding_menger_tunnel/ichannel0.jpg]
[digitonaut.com/art/winding_menger_tunnel/index.html]
[digitonaut.com/art/winter_forest/index.html]
[digitonaut.com/art/wire_eggs/shader-web-background.min.js]
[digitonaut.com/art/wire_eggs/index.html]
[digitonaut.com/art/wet_gasoline/three.min.js]
[digitonaut.com/art/wired_gates/index.html]
[digitonaut.com/art/wired_gates/script.js]
[digitonaut.com/art/world_of_turbulence/script.js]
[digitonaut.com/art/world_of_turbulence/index.html]
[digitonaut.com/art/wormhole/style.css]
[digitonaut.com/art/wormhole/index.html]
[digitonaut.com/art/winter_forest/processing.min.js]
[digitonaut.com/art/wormhole_dots/script.js]
[digitonaut.com/art/wormhole_dots/index.html]
[digitonaut.com/art/waaave/style.css]
[digitonaut.com/art/water_slide/style.css]
[digitonaut.com/art/waving_grid_tunnel/main.css]
[digitonaut.com/art/web_grid/main.css]
[digitonaut.com/art/weels_structures/main.css]
[digitonaut.com/art/wet_beach_sand/main.css]
[digitonaut.com/art/wet_gasoline/main.css]
[digitonaut.com/art/wired_gates/style.css]
[digitonaut.com/art/wormhole_dots/TweenMax.min.js]
[digitonaut.com/art/wired_gates/88_three.min.js]
[digitonaut.com/art/world_of_turbulence/style.css]
[s3-us-west-2.amazonaws.com/s.cdpn.io/231848/fractal-fire-sky-seamless-background.jpg]
[digitonaut.com/art/wormhole/style.css]
[digitonaut.com/art/wormhole_dots/style.css]
[digitonaut.com/art/wormhole_dots/three.min.js]
